// Jest Snapshot v1, https://goo.gl/fbAQLP

exports[`<Login /> Login snapshot deveria ocorrer sem falhas! 1`] = `
<form
  onSubmit={[Function]}
>
  <div
    className="MuiGrid-container-6 MuiGrid-spacing-xs-16-28 MuiGrid-direction-xs-column-9 MuiGrid-align-items-xs-center-14"
  >
    <div
      className="MuiPaper-root-98 MuiPaper-elevation2-102 MuiPaper-rounded-99 MuiCard-root-97 Login-card-1"
    >
      <div
        className="MuiGrid-container-6 MuiGrid-justify-xs-center-23 Login-titleBar-4"
      >
        <span
          aria-hidden="true"
          className="material-icons MuiIcon-root-125 Login-icon-5"
        >
          account_circle
        </span>
      </div>
      <div
        className="MuiCardContent-root-131"
      >
        <div
          aria-describedby={undefined}
          className="MuiFormControl-root-132 MuiFormControl-fullWidth-135 Login-loginForm-3"
          onBlur={[Function]}
          onDragStart={[Function]}
          onDrop={[Function]}
          onFocus={[Function]}
        >
          <label
            className="MuiFormLabel-root-141 MuiInputLabel-root-136 MuiInputLabel-formControl-137 MuiInputLabel-animated-140"
            data-shrink={false}
            htmlFor={undefined}
          >
            Login
          </label>
          <div
            className="MuiInput-root-146 MuiInput-fullWidth-153 MuiInput-formControl-147 MuiInput-underline-150"
          >
            <input
              aria-invalid={false}
              aria-required={false}
              autoComplete={undefined}
              autoFocus={true}
              className="MuiInput-input-154"
              defaultValue={undefined}
              disabled={false}
              id={undefined}
              name="username"
              onBlur={[Function]}
              onChange={[Function]}
              onFocus={[Function]}
              onKeyDown={undefined}
              onKeyUp={undefined}
              placeholder={undefined}
              readOnly={undefined}
              required={undefined}
              rows={undefined}
              type="text"
              value=""
            />
          </div>
        </div>
        <div
          aria-describedby={undefined}
          className="MuiFormControl-root-132 MuiFormControl-fullWidth-135 Login-loginForm-3"
          onBlur={[Function]}
          onDragStart={[Function]}
          onDrop={[Function]}
          onFocus={[Function]}
        >
          <label
            className="MuiFormLabel-root-141 MuiInputLabel-root-136 MuiInputLabel-formControl-137 MuiInputLabel-animated-140"
            data-shrink={false}
            htmlFor={undefined}
          >
            Senha
          </label>
          <div
            className="MuiInput-root-146 MuiInput-fullWidth-153 MuiInput-formControl-147 MuiInput-underline-150"
          >
            <input
              aria-invalid={false}
              aria-required={false}
              autoComplete={undefined}
              autoFocus={undefined}
              className="MuiInput-input-154 MuiInput-inputType-157"
              defaultValue={undefined}
              disabled={false}
              id={undefined}
              name="password"
              onBlur={[Function]}
              onChange={[Function]}
              onFocus={[Function]}
              onKeyDown={undefined}
              onKeyUp={undefined}
              placeholder={undefined}
              readOnly={undefined}
              required={undefined}
              rows={undefined}
              type="password"
              value=""
            />
          </div>
        </div>
      </div>
      <div
        className="MuiCardActions-root-159"
      >
        <button
          className="MuiButtonBase-root-177 MuiButton-root-161 MuiButton-flatPrimary-163 MuiButton-fullWidth-176 MuiCardActions-action-160"
          disabled={false}
          onBlur={[Function]}
          onFocus={[Function]}
          onKeyDown={[Function]}
          onKeyUp={[Function]}
          onMouseDown={[Function]}
          onMouseLeave={[Function]}
          onMouseUp={[Function]}
          onTouchEnd={[Function]}
          onTouchMove={[Function]}
          onTouchStart={[Function]}
          tabIndex="0"
          type="submit"
        >
          <span
            className="MuiButton-label-162"
          >
            Entrar
          </span>
          <span
            className="MuiTouchRipple-root-180"
          />
        </button>
      </div>
    </div>
  </div>
</form>
`;
